MPLINK 4.49, Linker
Linker Map File - Created Sat Oct 27 15:21:54 2018

                                 Section Info
                  Section       Type    Address   Location Size(Bytes)
                ---------  ---------  ---------  ---------  ---------
                   .org_0       code   0x000000    program   0x000000
                   .org_1       code   0x000000    program   0x000002
                   .org_2       code   0x000004    program   0x000052
.config_2007_UYGULAMA-19.O       code   0x002007    program   0x000002



                              Program Memory Usage 
                               Start         End      
                           ---------   ---------      
                            0x000000    0x000000      
                            0x000004    0x00002c      
                            0x002007    0x002007      
            43 out of 8454 program addresses used, program memory utilization is 0%



                              Symbols - Sorted by Name
                     Name    Address   Location    Storage File                     
                ---------  ---------  ---------  --------- ---------                
                ANA_METOT   0x000010    program     static D:\mikroislemciler\2018GuzDonemi\19.uygulama\uygulama-19.asm
              KESME_METOT   0x000004    program     static D:\mikroislemciler\2018GuzDonemi\19.uygulama\uygulama-19.asm
                  KONTROL   0x00002c    program     static D:\mikroislemciler\2018GuzDonemi\19.uygulama\uygulama-19.asm



                              Symbols - Sorted by Address
                     Name    Address   Location    Storage File                     
                ---------  ---------  ---------  --------- ---------                
              KESME_METOT   0x000004    program     static D:\mikroislemciler\2018GuzDonemi\19.uygulama\uygulama-19.asm
                ANA_METOT   0x000010    program     static D:\mikroislemciler\2018GuzDonemi\19.uygulama\uygulama-19.asm
                  KONTROL   0x00002c    program     static D:\mikroislemciler\2018GuzDonemi\19.uygulama\uygulama-19.asm


